// Jest Snapshot v1, https://goo.gl/fbAQLP

exports[`ignores .prettierignore folder (stderr) 1`] = `""`;

exports[`ignores .prettierignore folder (stdout) 1`] = `""`;

exports[`ignores .prettierignore folder (write) 1`] = `[]`;
