// Jest Snapshot v1, https://goo.gl/fbAQLP

exports[`Line breaking after filepath with errors (stdout) 1`] = `"foo();"`;

exports[`Line breaking after filepath with errors (stdout) 2`] = `"foo();"`;
